// Jest Snapshot v1, https://goo.gl/fbAQLP

exports[`Sidebar renders children 1`] = `
<div
  className="root"
  data-testid="sidebar"
>
  <div
    className="sidebarWrapper"
  >
    <div>
      Hello world
    </div>
  </div>
  <button
    className="toggleSidebar"
    onClick={[Function]}
  >
    â—€
  </button>
</div>
`;
