// Jest Snapshot v1, https://goo.gl/fbAQLP

exports[`MainContent renders children 1`] = `
<div
  className="root"
>
  <div>
    Hello world
  </div>
</div>
`;
