// Jest Snapshot v1, https://goo.gl/fbAQLP

exports[`Audio uses provided src 1`] = `
<div>
  <audio
    autoplay=""
    controls=""
    crossorigin="anonymous"
    src="https://example.com/example.mp3"
  >
    Your browser does not support the HTML5 audio element.
  </audio>
</div>
`;
